Dumping the state of the processor
pc = 0x00000018
x0 = 0x00000000
x1 = 0x00001111
x2 = 0x00002222
x3 = 0x00000014
x4 = 0x00001238
x5 = 0x0000135c
x6 = 0x0000188c
x7 = 0x00001bb0
x8 = 0x00001890
x9 = 0x00001360
x10 = 0x0000123c
x11 = 0x00001894
x12 = 0x00001240
x13 = 0x00001bb4
x14 = 0x00001364
x15 = 0x00001bb8
x16 = 0x00000001
x17 = 0x00000000
x18 = 0x00000000
x19 = 0x00000000
x20 = 0x00000000
x21 = 0x00000000
x22 = 0x00000000
x23 = 0x00000000
x24 = 0x00000000
x25 = 0x00000000
x26 = 0x00000000
x27 = 0x00000000
x28 = 0x00000000
x29 = 0x00000000
x30 = 0x00000000
x31 = 0x00000000
Quitting simulation.
