Dumping the state of the processor
pc = 0x00000070
x0 = 0x00000000
x1 = 0x00000011
x2 = 0x00000003
x3 = 0x00000014
x4 = 0x0000000e
x5 = 0x00000000
x6 = 0x00000000
x7 = 0x00000001
x8 = 0x00000001
x9 = 0x00000088
x10 = 0x00000002
x11 = 0x00000002
x12 = 0x00000001
x13 = 0x00000013
x14 = 0x00000012
x15 = 0x00000000
x16 = 0xffffffef
x17 = 0xffffffe3
x18 = 0xffffffd2
x19 = 0x0000000c
x20 = 0x00000000
x21 = 0x00000000
x22 = 0x00000001
x23 = 0x00000001
x24 = 0xffffff78
x25 = 0x1ffffffd
x26 = 0xfffffffd
x27 = 0xffffffe3
x28 = 0xffffffef
x29 = 0x0000000c
x30 = 0x00000000
x31 = 0x00000000
Quitting simulation.
