Dumping the state of the processor
pc = 0x00000070
x0 = 0x00000000
x1 = 0x00000011
x2 = 0xffffffe6
x3 = 0xfffffff7
x4 = 0x0000002b
x5 = 0x00000000
x6 = 0x00000001
x7 = 0x00000001
x8 = 0x00000000
x9 = 0x00000440
x10 = 0x00000000
x11 = 0x00000000
x12 = 0x00000000
x13 = 0xfffffff7
x14 = 0xfffffff7
x15 = 0x00000000
x16 = 0xfffffffd
x17 = 0x00000009
x18 = 0x00000006
x19 = 0xfffffff4
x20 = 0x00000001
x21 = 0x00000000
x22 = 0x00000000
x23 = 0x00000001
x24 = 0xfffffa00
x25 = 0x007fffff
x26 = 0xffffffff
x27 = 0x00000009
x28 = 0xfffffffd
x29 = 0xfffffff4
x30 = 0x00000000
x31 = 0x00000000
Quitting simulation.
