Dumping the state of the processor
pc = 0x00000060
x0 = 0x00000000
x1 = 0x00000123
x2 = 0xfffffe02
x3 = 0xfffffe00
x4 = 0xfffffef0
x5 = 0xfffffe3d
x6 = 0xfffff1e8
x7 = 0xffffff1e
x8 = 0x07fffff8
x9 = 0x00000001
x10 = 0x00000000
x11 = 0x00000001
x12 = 0x00000001
x13 = 0x00000000
x14 = 0x00000000
x15 = 0x00000001
x16 = 0x00000000
x17 = 0x00000000
x18 = 0x00000000
x19 = 0x00000000
x20 = 0x00000001
x21 = 0x00000000
x22 = 0x00000001
x23 = 0x00000001
x24 = 0x00000001
x25 = 0x00000000
x26 = 0x00000000
x27 = 0x00000000
x28 = 0x00000000
x29 = 0x00000000
x30 = 0x00000000
x31 = 0x00000000
Quitting simulation.
