Dumping the state of the processor
pc = 0x000000fc
x0 = 0x00000000
x1 = 0x00000001
x2 = 0x00000002
x3 = 0xffffffff
x4 = 0x00000001
x5 = 0x00000001
x6 = 0x00000001
x7 = 0x00000001
x8 = 0x00000001
x9 = 0x00000001
x10 = 0x00000001
x11 = 0x00000001
x12 = 0x00000001
x13 = 0x00000001
x14 = 0x00000001
x15 = 0x00000001
x16 = 0x00000001
x17 = 0x00000001
x18 = 0x00000001
x19 = 0x00000001
x20 = 0x00000001
x21 = 0x00000001
x22 = 0x00000001
x23 = 0x00000001
x24 = 0x00000001
x25 = 0x00000001
x26 = 0x00000001
x27 = 0x00000001
x28 = 0x00000000
x29 = 0x00000000
x30 = 0x00000000
x31 = 0x00000000
Quitting simulation.
